Archive member included to satisfy reference by file (symbol)

D:/STM32CubeIDE_1.13.1/STM32CubeIDE/plugins/com.st.stm32cube.ide.mcu.externaltools.gnu-tools-for-stm32.11.3.rel1.win32_1.1.0.202305231506/tools/bin/../lib/gcc/arm-none-eabi/11.3.1/../../../../arm-none-eabi/lib/thumb/v7e-m+fp/hard\libc_nano.a(libc_a-exit.o)
                              D:/STM32CubeIDE_1.13.1/STM32CubeIDE/plugins/com.st.stm32cube.ide.mcu.externaltools.gnu-tools-for-stm32.11.3.rel1.win32_1.1.0.202305231506/tools/bin/../lib/gcc/arm-none-eabi/11.3.1/../../../../arm-none-eabi/lib/thumb/v7e-m+fp/hard/crt0.o (exit)
D:/STM32CubeIDE_1.13.1/STM32CubeIDE/plugins/com.st.stm32cube.ide.mcu.externaltools.gnu-tools-for-stm32.11.3.rel1.win32_1.1.0.202305231506/tools/bin/../lib/gcc/arm-none-eabi/11.3.1/../../../../arm-none-eabi/lib/thumb/v7e-m+fp/hard\libc_nano.a(libc_a-findfp.o)
                              D:/STM32CubeIDE_1.13.1/STM32CubeIDE/plugins/com.st.stm32cube.ide.mcu.externaltools.gnu-tools-for-stm32.11.3.rel1.win32_1.1.0.202305231506/tools/bin/../lib/gcc/arm-none-eabi/11.3.1/../../../../arm-none-eabi/lib/thumb/v7e-m+fp/hard\libc_nano.a(libc_a-exit.o) (__stdio_exit_handler)
D:/STM32CubeIDE_1.13.1/STM32CubeIDE/plugins/com.st.stm32cube.ide.mcu.externaltools.gnu-tools-for-stm32.11.3.rel1.win32_1.1.0.202305231506/tools/bin/../lib/gcc/arm-none-eabi/11.3.1/../../../../arm-none-eabi/lib/thumb/v7e-m+fp/hard\libc_nano.a(libc_a-fwalk.o)
                              D:/STM32CubeIDE_1.13.1/STM32CubeIDE/plugins/com.st.stm32cube.ide.mcu.externaltools.gnu-tools-for-stm32.11.3.rel1.win32_1.1.0.202305231506/tools/bin/../lib/gcc/arm-none-eabi/11.3.1/../../../../arm-none-eabi/lib/thumb/v7e-m+fp/hard\libc_nano.a(libc_a-findfp.o) (_fwalk_sglue)
D:/STM32CubeIDE_1.13.1/STM32CubeIDE/plugins/com.st.stm32cube.ide.mcu.externaltools.gnu-tools-for-stm32.11.3.rel1.win32_1.1.0.202305231506/tools/bin/../lib/gcc/arm-none-eabi/11.3.1/../../../../arm-none-eabi/lib/thumb/v7e-m+fp/hard\libc_nano.a(libc_a-stdio.o)
                              D:/STM32CubeIDE_1.13.1/STM32CubeIDE/plugins/com.st.stm32cube.ide.mcu.externaltools.gnu-tools-for-stm32.11.3.rel1.win32_1.1.0.202305231506/tools/bin/../lib/gcc/arm-none-eabi/11.3.1/../../../../arm-none-eabi/lib/thumb/v7e-m+fp/hard\libc_nano.a(libc_a-findfp.o) (__sread)
D:/STM32CubeIDE_1.13.1/STM32CubeIDE/plugins/com.st.stm32cube.ide.mcu.externaltools.gnu-tools-for-stm32.11.3.rel1.win32_1.1.0.202305231506/tools/bin/../lib/gcc/arm-none-eabi/11.3.1/../../../../arm-none-eabi/lib/thumb/v7e-m+fp/hard\libc_nano.a(libc_a-memset.o)
                              D:/STM32CubeIDE_1.13.1/STM32CubeIDE/plugins/com.st.stm32cube.ide.mcu.externaltools.gnu-tools-for-stm32.11.3.rel1.win32_1.1.0.202305231506/tools/bin/../lib/gcc/arm-none-eabi/11.3.1/../../../../arm-none-eabi/lib/thumb/v7e-m+fp/hard/crt0.o (memset)
D:/STM32CubeIDE_1.13.1/STM32CubeIDE/plugins/com.st.stm32cube.ide.mcu.externaltools.gnu-tools-for-stm32.11.3.rel1.win32_1.1.0.202305231506/tools/bin/../lib/gcc/arm-none-eabi/11.3.1/../../../../arm-none-eabi/lib/thumb/v7e-m+fp/hard\libc_nano.a(libc_a-closer.o)
                              D:/STM32CubeIDE_1.13.1/STM32CubeIDE/plugins/com.st.stm32cube.ide.mcu.externaltools.gnu-tools-for-stm32.11.3.rel1.win32_1.1.0.202305231506/tools/bin/../lib/gcc/arm-none-eabi/11.3.1/../../../../arm-none-eabi/lib/thumb/v7e-m+fp/hard\libc_nano.a(libc_a-stdio.o) (_close_r)
D:/STM32CubeIDE_1.13.1/STM32CubeIDE/plugins/com.st.stm32cube.ide.mcu.externaltools.gnu-tools-for-stm32.11.3.rel1.win32_1.1.0.202305231506/tools/bin/../lib/gcc/arm-none-eabi/11.3.1/../../../../arm-none-eabi/lib/thumb/v7e-m+fp/hard\libc_nano.a(libc_a-reent.o)
                              D:/STM32CubeIDE_1.13.1/STM32CubeIDE/plugins/com.st.stm32cube.ide.mcu.externaltools.gnu-tools-for-stm32.11.3.rel1.win32_1.1.0.202305231506/tools/bin/../lib/gcc/arm-none-eabi/11.3.1/../../../../arm-none-eabi/lib/thumb/v7e-m+fp/hard\libc_nano.a(libc_a-closer.o) (errno)
D:/STM32CubeIDE_1.13.1/STM32CubeIDE/plugins/com.st.stm32cube.ide.mcu.externaltools.gnu-tools-for-stm32.11.3.rel1.win32_1.1.0.202305231506/tools/bin/../lib/gcc/arm-none-eabi/11.3.1/../../../../arm-none-eabi/lib/thumb/v7e-m+fp/hard\libc_nano.a(libc_a-impure.o)
                              D:/STM32CubeIDE_1.13.1/STM32CubeIDE/plugins/com.st.stm32cube.ide.mcu.externaltools.gnu-tools-for-stm32.11.3.rel1.win32_1.1.0.202305231506/tools/bin/../lib/gcc/arm-none-eabi/11.3.1/../../../../arm-none-eabi/lib/thumb/v7e-m+fp/hard\libc_nano.a(libc_a-reent.o) (_impure_ptr)
D:/STM32CubeIDE_1.13.1/STM32CubeIDE/plugins/com.st.stm32cube.ide.mcu.externaltools.gnu-tools-for-stm32.11.3.rel1.win32_1.1.0.202305231506/tools/bin/../lib/gcc/arm-none-eabi/11.3.1/../../../../arm-none-eabi/lib/thumb/v7e-m+fp/hard\libc_nano.a(libc_a-lseekr.o)
[...]
Memory Configuration

Name             Origin             Length             Attributes
CCMRAM           0x0000000010000000 0x0000000000010000 xrw
RAM              0x0000000020000000 0x0000000000020000 xrw
FLASH            0x0000000008000000 0x0000000000100000 xr
*default*        0x0000000000000000 0xffffffffffffffff

Linker script and memory map

LOAD D:/STM32CubeIDE_1.13.1/STM32CubeIDE/plugins/com.st.stm32cube.ide.mcu.externaltools.gnu-tools-for-stm32.11.3.rel1.win32_1.1.0.202305231506/tools/bin/../lib/gcc/arm-none-eabi/11.3.1/thumb/v7e-m+fp/hard/crti.o
LOAD D:/STM32CubeIDE_1.13.1/STM32CubeIDE/plugins/com.st.stm32cube.ide.mcu.externaltools.gnu-tools-for-stm32.11.3.rel1.win32_1.1.0.202305231506/tools/bin/../lib/gcc/arm-none-eabi/11.3.1/thumb/v7e-m+fp/hard/crtbegin.o
LOAD D:/STM32CubeIDE_1.13.1/STM32CubeIDE/plugins/com.st.stm32cube.ide.mcu.externaltools.gnu-tools-for-stm32.11.3.rel1.win32_1.1.0.202305231506/tools/bin/../lib/gcc/arm-none-eabi/11.3.1/../../../../arm-none-eabi/lib/thumb/v7e-m+fp/hard/crt0.o
LOAD ./Drivers/Src/STM32F407xx_GPIO_driver.o
LOAD ./Drivers/Src/STM32F407xx_I2C_driver.o
LOAD ./Drivers/Src/STM32F407xx_SPI_driver.o
LOAD ./Src/04SPI_txonly_arduino.o
LOAD ./Src/syscalls.o
LOAD ./Src/sysmem.o
LOAD ./Startup/startup_stm32f407vgtx.o
START GROUP
LOAD D:/STM32CubeIDE_1.13.1/STM32CubeIDE/plugins/com.st.stm32cube.ide.mcu.externaltools.gnu-tools-for-stm32.11.3.rel1.win32_1.1.0.202305231506/tools/bin/../lib/gcc/arm-none-eabi/11.3.1/../../../../arm-none-eabi/lib/thumb/v7e-m+fp/hard\libc_nano.a
LOAD D:/STM32CubeIDE_1.13.1/STM32CubeIDE/plugins/com.st.stm32cube.ide.mcu.externaltools.gnu-tools-for-stm32.11.3.rel1.win32_1.1.0.202305231506/tools/bin/../lib/gcc/arm-none-eabi/11.3.1/../../../../arm-none-eabi/lib/thumb/v7e-m+fp/hard\libm.a
END GROUP
START GROUP
LOAD D:/STM32CubeIDE_1.13.1/STM32CubeIDE/plugins/com.st.stm32cube.ide.mcu.externaltools.gnu-tools-for-stm32.11.3.rel1.win32_1.1.0.202305231506/tools/bin/../lib/gcc/arm-none-eabi/11.3.1/thumb/v7e-m+fp/hard\libgcc.a
LOAD D:/STM32CubeIDE_1.13.1/STM32CubeIDE/plugins/com.st.stm32cube.ide.mcu.externaltools.gnu-tools-for-stm32.11.3.rel1.win32_1.1.0.202305231506/tools/bin/../lib/gcc/arm-none-eabi/11.3.1/../../../../arm-none-eabi/lib/thumb/v7e-m+fp/hard\libc_nano.a
END GROUP
START GROUP
LOAD D:/STM32CubeIDE_1.13.1/STM32CubeIDE/plugins/com.st.stm32cube.ide.mcu.externaltools.gnu-tools-for-stm32.11.3.rel1.win32_1.1.0.202305231506/tools/bin/../lib/gcc/arm-none-eabi/11.3.1/thumb/v7e-m+fp/hard\libgcc.a
LOAD D:/STM32CubeIDE_1.13.1/STM32CubeIDE/plugins/com.st.stm32cube.ide.mcu.externaltools.gnu-tools-for-stm32.11.3.rel1.win32_1.1.0.202305231506/tools/bin/../lib/gcc/arm-none-eabi/11.3.1/../../../../arm-none-eabi/lib/thumb/v7e-m+fp/hard\libc_nano.a
LOAD D:/STM32CubeIDE_1.13.1/STM32CubeIDE/plugins/com.st.stm32cube.ide.mcu.externaltools.gnu-tools-for-stm32.11.3.rel1.win32_1.1.0.202305231506/tools/bin/../lib/gcc/arm-none-eabi/11.3.1/../../../../arm-none-eabi/lib/thumb/v7e-m+fp/hard\libnosys.a
END GROUP
START GROUP
LOAD D:/STM32CubeIDE_1.13.1/STM32CubeIDE/plugins/com.st.stm32cube.ide.mcu.externaltools.gnu-tools-for-stm32.11.3.rel1.win32_1.1.0.202305231506/tools/bin/../lib/gcc/arm-none-eabi/11.3.1/thumb/v7e-m+fp/hard\libgcc.a
LOAD D:/STM32CubeIDE_1.13.1/STM32CubeIDE/plugins/com.st.stm32cube.ide.mcu.externaltools.gnu-tools-for-stm32.11.3.rel1.win32_1.1.0.202305231506/tools/bin/../lib/gcc/arm-none-eabi/11.3.1/../../../../arm-none-eabi/lib/thumb/v7e-m+fp/hard\libc_nano.a
LOAD D:/STM32CubeIDE_1.13.1/STM32CubeIDE/plugins/com.st.stm32cube.ide.mcu.externaltools.gnu-tools-for-stm32.11.3.rel1.win32_1.1.0.202305231506/tools/bin/../lib/gcc/arm-none-eabi/11.3.1/../../../../arm-none-eabi/lib/thumb/v7e-m+fp/hard\libnosys.a
END GROUP
LOAD D:/STM32CubeIDE_1.13.1/STM32CubeIDE/plugins/com.st.stm32cube.ide.mcu.externaltools.gnu-tools-for-stm32.11.3.rel1.win32_1.1.0.202305231506/tools/bin/../lib/gcc/arm-none-eabi/11.3.1/thumb/v7e-m+fp/hard/crtend.o
LOAD D:/STM32CubeIDE_1.13.1/STM32CubeIDE/plugins/com.st.stm32cube.ide.mcu.externaltools.gnu-tools-for-stm32.11.3.rel1.win32_1.1.0.202305231506/tools/bin/../lib/gcc/arm-none-eabi/11.3.1/thumb/v7e-m+fp/hard/crtn.o
                0x0000000020020000                _estack = (ORIGIN (RAM) + LENGTH (RAM))
                0x0000000000000200                _Min_Heap_Size = 0x200
                0x0000000000000400                _Min_Stack_Size = 0x400

.isr_vector     0x0000000008000000      0x1a8
                0x0000000008000000                . = ALIGN (0x4)
 *(.isr_vector)
 .isr_vector    0x0000000008000000      0x1a8 ./Startup/startup_stm32f407vgtx.o
                0x0000000008000000                g_pfnVectors
                0x00000000080001a8                . = ALIGN (0x4)

.text           0x00000000080001a8      0x9f4
                0x00000000080001a8                . = ALIGN (0x4)
 *(.text)
 .text          0x00000000080001a8       0x40 D:/STM32CubeIDE_1.13.1/STM32CubeIDE/plugins/com.st.stm32cube.ide.mcu.externaltools.gnu-tools-for-stm32.11.3.rel1.win32_1.1.0.202305231506/tools/bin/../lib/gcc/arm-none-eabi/11.3.1/thumb/v7e-m+fp/hard/crtbegin.o
 .text          0x00000000080001e8       0x10 D:/STM32CubeIDE_1.13.1/STM32CubeIDE/plugins/com.st.stm32cube.ide.mcu.externaltools.gnu-tools-for-stm32.11.3.rel1.win32_1.1.0.202305231506/tools/bin/../lib/gcc/arm-none-eabi/11.3.1/../../../../arm-none-eabi/lib/thumb/v7e-m+fp/hard\libc_nano.a(libc_a-strlen.o)
                0x00000000080001e8                strlen
 *(.text*)
 .text.GPIO_PeriClockControl
                0x00000000080001f8      0x1d0 ./Drivers/Src/STM32F407xx_GPIO_driver.o
                0x00000000080001f8                GPIO_PeriClockControl
 .text.GPIO_Init
                0x00000000080003c8      0x340 ./Drivers/Src/STM32F407xx_GPIO_driver.o
                0x00000000080003c8                GPIO_Init
 .text.GPIO_ReadFromInputPin
                0x0000000008000708       0x2c ./Drivers/Src/STM32F407xx_GPIO_driver.o
                0x0000000008000708                GPIO_ReadFromInputPin
 .text.SPI_PeriClockControl
                0x0000000008000734       0xb0 ./Drivers/Src/STM32F407xx_SPI_driver.o
                0x0000000008000734                SPI_PeriClockControl
 .text.SPI_Init
                0x00000000080007e4       0xb6 ./Drivers/Src/STM32F407xx_SPI_driver.o
                0x00000000080007e4                SPI_Init
 .text.SPI_SendData
                0x000000000800089a       0x1a ./Drivers/Src/STM32F407xx_SPI_driver.o
                0x000000000800089a                SPI_SendData
 .text.SPI_PeripheralControl
                0x00000000080008b4       0x38 ./Drivers/Src/STM32F407xx_SPI_driver.o
                0x00000000080008b4                SPI_PeripheralControl
 .text.SPI_SSOEConfig
                0x00000000080008ec       0x38 ./Drivers/Src/STM32F407xx_SPI_driver.o
                0x00000000080008ec                SPI_SSOEConfig
 .text.SPI_GetFlagStatus
                0x0000000008000924       0x28 ./Drivers/Src/STM32F407xx_SPI_driver.o
                0x0000000008000924                SPI_GetFlagStatus
 .text.delay    0x000000000800094c       0x2c ./Src/04SPI_txonly_arduino.o
                0x000000000800094c                delay
 .text.SPI2_GPIOInits
                0x0000000008000978       0x50 ./Src/04SPI_txonly_arduino.o
                0x0000000008000978                SPI2_GPIOInits
 .text.SPI2_Inits
                0x00000000080009c8       0x3c ./Src/04SPI_txonly_arduino.o
                0x00000000080009c8                SPI2_Inits
 .text.GPIO_ButtonInit
                0x0000000008000a04       0x30 ./Src/04SPI_txonly_arduino.o
                0x0000000008000a04                GPIO_ButtonInit
 .text.main     0x0000000008000a34       0x98 ./Src/04SPI_txonly_arduino.o
                0x0000000008000a34                main
 .text.Reset_Handler
                0x0000000008000acc       0x50 ./Startup/startup_stm32f407vgtx.o
                0x0000000008000acc                Reset_Handler
 .text.Default_Handler
                0x0000000008000b1c        0x2 ./Startup/startup_stm32f407vgtx.o
                0x0000000008000b1c                RTC_Alarm_IRQHandler
                0x0000000008000b1c                HASH_RNG_IRQHandler
                0x0000000008000b1c                EXTI2_IRQHandler
                0x0000000008000b1c                TIM8_CC_IRQHandler
                0x0000000008000b1c                DebugMon_Handler
                0x0000000008000b1c                TIM1_CC_IRQHandler
                0x0000000008000b1c                DMA2_Stream5_IRQHandler
                0x0000000008000b1c                HardFault_Handler
                0x0000000008000b1c                DMA1_Stream5_IRQHandler
                0x0000000008000b1c                SysTick_Handler
                0x0000000008000b1c                PVD_IRQHandler
                0x0000000008000b1c                SDIO_IRQHandler
                0x0000000008000b1c                TAMP_STAMP_IRQHandler
                0x0000000008000b1c                PendSV_Handler
                0x0000000008000b1c                NMI_Handler
                0x0000000008000b1c                CAN2_RX1_IRQHandler
                0x0000000008000b1c                EXTI3_IRQHandler
                0x0000000008000b1c                TIM8_TRG_COM_TIM14_IRQHandler
                0x0000000008000b1c                TIM1_UP_TIM10_IRQHandler
                0x0000000008000b1c                TIM8_UP_TIM13_IRQHandler
                0x0000000008000b1c                I2C3_ER_IRQHandler
                0x0000000008000b1c                LCD_TFT_IRQHandler
                0x0000000008000b1c                EXTI0_IRQHandler
                0x0000000008000b1c                I2C2_EV_IRQHandler
                0x0000000008000b1c                DMA1_Stream2_IRQHandler
                0x0000000008000b1c                CAN1_RX0_IRQHandler
                0x0000000008000b1c                FPU_IRQHandler
                0x0000000008000b1c                OTG_HS_WKUP_IRQHandler
                0x0000000008000b1c                UsageFault_Handler
                0x0000000008000b1c                CAN2_SCE_IRQHandler
                0x0000000008000b1c                DMA2_Stream2_IRQHandler
                0x0000000008000b1c                SPI1_IRQHandler
                0x0000000008000b1c                TIM6_DAC_IRQHandler
                0x0000000008000b1c                TIM1_BRK_TIM9_IRQHandler
                0x0000000008000b1c                DCMI_IRQHandler
                0x0000000008000b1c                CAN2_RX0_IRQHandler
                0x0000000008000b1c                DMA2_Stream3_IRQHandler
                0x0000000008000b1c                USART6_IRQHandler
                0x0000000008000b1c                USART3_IRQHandler
                0x0000000008000b1c                CRYP_IRQHandler
                0x0000000008000b1c                CAN1_RX1_IRQHandler
                0x0000000008000b1c                UART5_IRQHandler
                0x0000000008000b1c                DMA2_Stream0_IRQHandler
                0x0000000008000b1c                TIM4_IRQHandler
                0x0000000008000b1c                I2C1_EV_IRQHandler
                0x0000000008000b1c                DMA1_Stream6_IRQHandler
                0x0000000008000b1c                DMA1_Stream1_IRQHandler
                0x0000000008000b1c                UART4_IRQHandler
                0x0000000008000b1c                LCD_TFT_1_IRQHandler
                0x0000000008000b1c                TIM3_IRQHandler
                0x0000000008000b1c                RCC_IRQHandler
                0x0000000008000b1c                TIM8_BRK_TIM12_IRQHandler
                0x0000000008000b1c                Default_Handler
                0x0000000008000b1c                EXTI15_10_IRQHandler
                0x0000000008000b1c                ADC_IRQHandler
                0x0000000008000b1c                DMA1_Stream7_IRQHandler
                0x0000000008000b1c                TIM7_IRQHandler
                0x0000000008000b1c                CAN2_TX_IRQHandler
                0x0000000008000b1c                TIM5_IRQHandler
                0x0000000008000b1c                DMA2_Stream7_IRQHandler
                0x0000000008000b1c                I2C3_EV_IRQHandler
                0x0000000008000b1c                EXTI9_5_IRQHandler
                0x0000000008000b1c                RTC_WKUP_IRQHandler
                0x0000000008000b1c                ETH_WKUP_IRQHandler
                0x0000000008000b1c                SPI2_IRQHandler
                0x0000000008000b1c                OTG_HS_EP1_IN_IRQHandler
                0x0000000008000b1c                MemManage_Handler
                0x0000000008000b1c                DMA1_Stream0_IRQHandler
                0x0000000008000b1c                CAN1_TX_IRQHandler
                0x0000000008000b1c                SVC_Handler
                0x0000000008000b1c                EXTI4_IRQHandler
                0x0000000008000b1c                FSMC_IRQHandler
                0x0000000008000b1c                ETH_IRQHandler
                0x0000000008000b1c                OTG_HS_EP1_OUT_IRQHandler
                0x0000000008000b1c                WWDG_IRQHandler
                0x0000000008000b1c                TIM2_IRQHandler
                0x0000000008000b1c                OTG_FS_WKUP_IRQHandler
                0x0000000008000b1c                TIM1_TRG_COM_TIM11_IRQHandler
                0x0000000008000b1c                OTG_HS_IRQHandler
                0x0000000008000b1c                EXTI1_IRQHandler
                0x0000000008000b1c                USART2_IRQHandler
                0x0000000008000b1c                I2C2_ER_IRQHandler
                0x0000000008000b1c                DMA2_Stream1_IRQHandler
                0x0000000008000b1c                CAN1_SCE_IRQHandler
                0x0000000008000b1c                DMA2_Stream4_IRQHandler
                0x0000000008000b1c                BusFault_Handler
                0x0000000008000b1c                USART1_IRQHandler
                0x0000000008000b1c                OTG_FS_IRQHandler
                0x0000000008000b1c                SPI3_IRQHandler
                0x0000000008000b1c                DMA1_Stream4_IRQHandler
                0x0000000008000b1c                I2C1_ER_IRQHandler
                0x0000000008000b1c                DMA2_Stream6_IRQHandler
                0x0000000008000b1c                DMA1_Stream3_IRQHandler
 *fill*         0x0000000008000b1e        0x2 
 .text.__libc_init_array
                0x0000000008000b20       0x48 D:/STM32CubeIDE_1.13.1/STM32CubeIDE/plugins/com.st.stm32cube.ide.mcu.externaltools.gnu-tools-for-stm32.11.3.rel1.win32_1.1.0.202305231506/tools/bin/../lib/gcc/arm-none-eabi/11.3.1/../../../../arm-none-eabi/lib/thumb/v7e-m+fp/hard\libc_nano.a(libc_a-init.o)
                0x0000000008000b20                __libc_init_array
 .text.memcpy   0x0000000008000b68       0x1c D:/STM32CubeIDE_1.13.1/STM32CubeIDE/plugins/com.st.stm32cube.ide.mcu.externaltools.gnu-tools-for-stm32.11.3.rel1.win32_1.1.0.202305231506/tools/bin/../lib/gcc/arm-none-eabi/11.3.1/../../../../arm-none-eabi/lib/thumb/v7e-m+fp/hard\libc_nano.a(libc_a-memcpy-stub.o)
                0x0000000008000b68                memcpy
 *(.glue_7)
 .glue_7        0x0000000008000b84        0x0 linker stubs
 *(.glue_7t)
 .glue_7t       0x0000000008000b84        0x0 linker stubs
 *(.eh_frame)
 .eh_frame      0x0000000008000b84        0x0 D:/STM32CubeIDE_1.13.1/STM32CubeIDE/plugins/com.st.stm32cube.ide.mcu.externaltools.gnu-tools-for-stm32.11.3.rel1.win32_1.1.0.202305231506/tools/bin/../lib/gcc/arm-none-eabi/11.3.1/thumb/v7e-m+fp/hard/crtbegin.o
 *(.init)
 .init          0x0000000008000b84        0x4 D:/STM32CubeIDE_1.13.1/STM32CubeIDE/plugins/com.st.stm32cube.ide.mcu.externaltools.gnu-tools-for-stm32.11.3.rel1.win32_1.1.0.202305231506/tools/bin/../lib/gcc/arm-none-eabi/11.3.1/thumb/v7e-m+fp/hard/crti.o
                0x0000000008000b84                _init
 .init          0x0000000008000b88        0x8 D:/STM32CubeIDE_1.13.1/STM32CubeIDE/plugins/com.st.stm32cube.ide.mcu.externaltools.gnu-tools-for-stm32.11.3.rel1.win32_1.1.0.202305231506/tools/bin/../lib/gcc/arm-none-eabi/11.3.1/thumb/v7e-m+fp/hard/crtn.o
 *(.fini)
 .fini          0x0000000008000b90        0x4 D:/STM32CubeIDE_1.13.1/STM32CubeIDE/plugins/com.st.stm32cube.ide.mcu.externaltools.gnu-tools-for-stm32.11.3.rel1.win32_1.1.0.202305231506/tools/bin/../lib/gcc/arm-none-eabi/11.3.1/thumb/v7e-m+fp/hard/crti.o
                0x0000000008000b90                _fini
 .fini          0x0000000008000b94        0x8 D:/STM32CubeIDE_1.13.1/STM32CubeIDE/plugins/com.st.stm32cube.ide.mcu.externaltools.gnu-tools-for-stm32.11.3.rel1.win32_1.1.0.202305231506/tools/bin/../lib/gcc/arm-none-eabi/11.3.1/thumb/v7e-m+fp/hard/crtn.o
                0x0000000008000b9c                . = ALIGN (0x4)
                0x0000000008000b9c                _etext = .

.vfp11_veneer   0x0000000008000b9c        0x0
 .vfp11_veneer  0x0000000008000b9c        0x0 linker stubs

.v4_bx          0x0000000008000b9c        0x0
 .v4_bx         0x0000000008000b9c        0x0 linker stubs

.iplt           0x0000000008000b9c        0x0
 .iplt          0x0000000008000b9c        0x0 D:/STM32CubeIDE_1.13.1/STM32CubeIDE/plugins/com.st.stm32cube.ide.mcu.externaltools.gnu-tools-for-stm32.11.3.rel1.win32_1.1.0.202305231506/tools/bin/../lib/gcc/arm-none-eabi/11.3.1/thumb/v7e-m+fp/hard/crtbegin.o

.rodata         0x0000000008000b9c       0xcc
                0x0000000008000b9c                . = ALIGN (0x4)
 *(.rodata)
 .rodata        0x0000000008000b9c       0xca ./Src/04SPI_txonly_arduino.o
 *(.rodata*)
                0x0000000008000c68                . = ALIGN (0x4)
 *fill*         0x0000000008000c66        0x2 

.rel.dyn        0x0000000008000c68        0x0
 .rel.iplt      0x0000000008000c68        0x0 D:/STM32CubeIDE_1.13.1/STM32CubeIDE/plugins/com.st.stm32cube.ide.mcu.externaltools.gnu-tools-for-stm32.11.3.rel1.win32_1.1.0.202305231506/tools/bin/../lib/gcc/arm-none-eabi/11.3.1/thumb/v7e-m+fp/hard/crtbegin.o

.ARM.extab      0x0000000008000c68        0x0
                0x0000000008000c68                . = ALIGN (0x4)
 *(.ARM.extab* .gnu.linkonce.armextab.*)
                0x0000000008000c68                . = ALIGN (0x4)

.ARM            0x0000000008000c68        0x0
                0x0000000008000c68                . = ALIGN (0x4)
                0x0000000008000c68                __exidx_start = .
 *(.ARM.exidx*)
                0x0000000008000c68                __exidx_end = .
                0x0000000008000c68                . = ALIGN (0x4)

.preinit_array  0x0000000008000c68        0x0
                0x0000000008000c68                . = ALIGN (0x4)
                0x0000000008000c68                PROVIDE (__preinit_array_start = .)
 *(.preinit_array*)
                0x0000000008000c68                PROVIDE (__preinit_array_end = .)
                0x0000000008000c68                . = ALIGN (0x4)

.init_array     0x0000000008000c68        0x4
                0x0000000008000c68                . = ALIGN (0x4)
                0x0000000008000c68                PROVIDE (__init_array_start = .)
 *(SORT_BY_NAME(.init_array.*))
 *(.init_array*)
 .init_array    0x0000000008000c68        0x4 D:/STM32CubeIDE_1.13.1/STM32CubeIDE/plugins/com.st.stm32cube.ide.mcu.externaltools.gnu-tools-for-stm32.11.3.rel1.win32_1.1.0.202305231506/tools/bin/../lib/gcc/arm-none-eabi/11.3.1/thumb/v7e-m+fp/hard/crtbegin.o
                0x0000000008000c6c                PROVIDE (__init_array_end = .)
                0x0000000008000c6c                . = ALIGN (0x4)

.fini_array     0x0000000008000c6c        0x4
                0x0000000008000c6c                . = ALIGN (0x4)
                [!provide]                        PROVIDE (__fini_array_start = .)
 *(SORT_BY_NAME(.fini_array.*))
 *(.fini_array*)
 .fini_array    0x0000000008000c6c        0x4 D:/STM32CubeIDE_1.13.1/STM32CubeIDE/plugins/com.st.stm32cube.ide.mcu.externaltools.gnu-tools-for-stm32.11.3.rel1.win32_1.1.0.202305231506/tools/bin/../lib/gcc/arm-none-eabi/11.3.1/thumb/v7e-m+fp/hard/crtbegin.o
                [!provide]                        PROVIDE (__fini_array_end = .)
                0x0000000008000c70                . = ALIGN (0x4)
                0x0000000008000c70                _sidata = LOADADDR (.data)

.data           0x0000000020000000        0x0 load address 0x0000000008000c70
                0x0000000020000000                . = ALIGN (0x4)
                0x0000000020000000                _sdata = .
 *(.data)
 *(.data*)
 *(.RamFunc)
 *(.RamFunc*)
                0x0000000020000000                . = ALIGN (0x4)
                0x0000000020000000                _edata = .
                0x0000000008000c70                _siccmram = LOADADDR (.ccmram)

.igot.plt       0x0000000020000000        0x0 load address 0x0000000008000c70
 .igot.plt      0x0000000020000000        0x0 D:/STM32CubeIDE_1.13.1/STM32CubeIDE/plugins/com.st.stm32cube.ide.mcu.externaltools.gnu-tools-for-stm32.11.3.rel1.win32_1.1.0.202305231506/tools/bin/../lib/gcc/arm-none-eabi/11.3.1/thumb/v7e-m+fp/hard/crtbegin.o

.ccmram         0x0000000010000000        0x0 load address 0x0000000008000c70
                0x0000000010000000                . = ALIGN (0x4)
                0x0000000010000000                _sccmram = .
 *(.ccmram)
 *(.ccmram*)
                0x0000000010000000                . = ALIGN (0x4)
                0x0000000010000000                _eccmram = .
                0x0000000010000000                . = ALIGN (0x4)

.bss            0x0000000020000000       0x1c
                0x0000000020000000                _sbss = .
                0x0000000020000000                __bss_start__ = _sbss
 *(.bss)
 .bss           0x0000000020000000       0x1c D:/STM32CubeIDE_1.13.1/STM32CubeIDE/plugins/com.st.stm32cube.ide.mcu.externaltools.gnu-tools-for-stm32.11.3.rel1.win32_1.1.0.202305231506/tools/bin/../lib/gcc/arm-none-eabi/11.3.1/thumb/v7e-m+fp/hard/crtbegin.o
 *(.bss*)
 *(COMMON)
                0x000000002000001c                . = ALIGN (0x4)
                0x000000002000001c                _ebss = .
                0x000000002000001c                __bss_end__ = _ebss

._user_heap_stack
                0x000000002000001c      0x604
                0x0000000020000020                . = ALIGN (0x8)
 *fill*         0x000000002000001c        0x4 
                [!provide]                        PROVIDE (end = .)
                0x0000000020000020                PROVIDE (_end = .)
                0x0000000020000220                . = (. + _Min_Heap_Size)
 *fill*         0x0000000020000020      0x200 
                0x0000000020000620                . = (. + _Min_Stack_Size)
 *fill*         0x0000000020000220      0x400 
                0x0000000020000620                . = ALIGN (0x8)

/DISCARD/
 libc.a(*)
 libm.a(*)
 libgcc.a(*)

.ARM.attributes
                0x0000000000000000       0x30
 *(.ARM.attributes)
 .ARM.attributes
                0x0000000000000000       0x1e D:/STM32CubeIDE_1.13.1/STM32CubeIDE/plugins/com.st.stm32cube.ide.mcu.externaltools.gnu-tools-for-stm32.11.3.rel1.win32_1.1.0.202305231506/tools/bin/../lib/gcc/arm-none-eabi/11.3.1/thumb/v7e-m+fp/hard/crti.o
 .ARM.attributes
                0x000000000000001e       0x34 D:/STM32CubeIDE_1.13.1/STM32CubeIDE/plugins/com.st.stm32cube.ide.mcu.externaltools.gnu-tools-for-stm32.11.3.rel1.win32_1.1.0.202305231506/tools/bin/../lib/gcc/arm-none-eabi/11.3.1/thumb/v7e-m+fp/hard/crtbegin.o
 .ARM.attributes
                0x0000000000000052       0x34 ./Drivers/Src/STM32F407xx_GPIO_driver.o
 .ARM.attributes
                0x0000000000000086       0x34 ./Drivers/Src/STM32F407xx_SPI_driver.o
 .ARM.attributes
                0x00000000000000ba       0x34 ./Src/04SPI_txonly_arduino.o
 .ARM.attributes
                0x00000000000000ee       0x21 ./Startup/startup_stm32f407vgtx.o
 .ARM.attributes
                0x000000000000010f       0x34 D:/STM32CubeIDE_1.13.1/STM32CubeIDE/plugins/com.st.stm32cube.ide.mcu.externaltools.gnu-tools-for-stm32.11.3.rel1.win32_1.1.0.202305231506/tools/bin/../lib/gcc/arm-none-eabi/11.3.1/../../../../arm-none-eabi/lib/thumb/v7e-m+fp/hard\libc_nano.a(libc_a-init.o)
 .ARM.attributes
                0x0000000000000143       0x34 D:/STM32CubeIDE_1.13.1/STM32CubeIDE/plugins/com.st.stm32cube.ide.mcu.externaltools.gnu-tools-for-stm32.11.3.rel1.win32_1.1.0.202305231506/tools/bin/../lib/gcc/arm-none-eabi/11.3.1/../../../../arm-none-eabi/lib/thumb/v7e-m+fp/hard\libc_nano.a(libc_a-memcpy-stub.o)
 .ARM.attributes
                0x0000000000000177       0x17 D:/STM32CubeIDE_1.13.1/STM32CubeIDE/plugins/com.st.stm32cube.ide.mcu.externaltools.gnu-tools-for-stm32.11.3.rel1.win32_1.1.0.202305231506/tools/bin/../lib/gcc/arm-none-eabi/11.3.1/../../../../arm-none-eabi/lib/thumb/v7e-m+fp/hard\libc_nano.a(libc_a-strlen.o)
 .ARM.attributes
                0x000000000000018e       0x1e D:/STM32CubeIDE_1.13.1/STM32CubeIDE/plugins/com.st.stm32cube.ide.mcu.externaltools.gnu-tools-for-stm32.11.3.rel1.win32_1.1.0.202305231506/tools/bin/../lib/gcc/arm-none-eabi/11.3.1/thumb/v7e-m+fp/hard/crtn.o
OUTPUT(STM32F4xx_Drivers.elf elf32-littlearm)
LOAD linker stubs
LOAD D:/STM32CubeIDE_1.13.1/STM32CubeIDE/plugins/com.st.stm32cube.ide.mcu.externaltools.gnu-tools-for-stm32.11.3.rel1.win32_1.1.0.202305231506/tools/bin/../lib/gcc/arm-none-eabi/11.3.1/../../../../arm-none-eabi/lib/thumb/v7e-m+fp/hard\libc.a
LOAD D:/STM32CubeIDE_1.13.1/STM32CubeIDE/plugins/com.st.stm32cube.ide.mcu.externaltools.gnu-tools-for-stm32.11.3.rel1.win32_1.1.0.202305231506/tools/bin/../lib/gcc/arm-none-eabi/11.3.1/../../../../arm-none-eabi/lib/thumb/v7e-m+fp/hard\libm.a
LOAD D:/STM32CubeIDE_1.13.1/STM32CubeIDE/plugins/com.st.stm32cube.ide.mcu.externaltools.gnu-tools-for-stm32.11.3.rel1.win32_1.1.0.202305231506/tools/bin/../lib/gcc/arm-none-eabi/11.3.1/thumb/v7e-m+fp/hard\libgcc.a

.comment        0x0000000000000000       0x43
 .comment       0x0000000000000000       0x43 D:/STM32CubeIDE_1.13.1/STM32CubeIDE/plugins/com.st.stm32cube.ide.mcu.externaltools.gnu-tools-for-stm32.11.3.rel1.win32_1.1.0.202305231506/tools/bin/../lib/gcc/arm-none-eabi/11.3.1/thumb/v7e-m+fp/hard/crtbegin.o
                                         0x44 (size before relaxing)
 .comment       0x0000000000000043       0x44 ./Drivers/Src/STM32F407xx_GPIO_driver.o
 .comment       0x0000000000000043       0x44 ./Drivers/Src/STM32F407xx_SPI_driver.o
 .comment       0x0000000000000043       0x44 ./Src/04SPI_txonly_arduino.o

.debug_info     0x0000000000000000     0x1533
 .debug_info    0x0000000000000000      0x76d ./Drivers/Src/STM32F407xx_GPIO_driver.o
 .debug_info    0x000000000000076d      0x890 ./Drivers/Src/STM32F407xx_SPI_driver.o
 .debug_info    0x0000000000000ffd      0x513 ./Src/04SPI_txonly_arduino.o
 .debug_info    0x0000000000001510       0x23 ./Startup/startup_stm32f407vgtx.o

.debug_abbrev   0x0000000000000000      0x4a5
 .debug_abbrev  0x0000000000000000      0x17a ./Drivers/Src/STM32F407xx_GPIO_driver.o
 .debug_abbrev  0x000000000000017a      0x1cc ./Drivers/Src/STM32F407xx_SPI_driver.o
 .debug_abbrev  0x0000000000000346      0x14d ./Src/04SPI_txonly_arduino.o
 .debug_abbrev  0x0000000000000493       0x12 ./Startup/startup_stm32f407vgtx.o

.debug_aranges  0x0000000000000000      0x198
 .debug_aranges
                0x0000000000000000       0x70 ./Drivers/Src/STM32F407xx_GPIO_driver.o
 .debug_aranges
                0x0000000000000070       0xc0 ./Drivers/Src/STM32F407xx_SPI_driver.o
 .debug_aranges
                0x0000000000000130       0x40 ./Src/04SPI_txonly_arduino.o
 .debug_aranges
                0x0000000000000170       0x28 ./Startup/startup_stm32f407vgtx.o

.debug_rnglists
                0x0000000000000000      0x12a
 .debug_rnglists
                0x0000000000000000       0x53 ./Drivers/Src/STM32F407xx_GPIO_driver.o
 .debug_rnglists
                0x0000000000000053       0x92 ./Drivers/Src/STM32F407xx_SPI_driver.o
 .debug_rnglists
                0x00000000000000e5       0x2c ./Src/04SPI_txonly_arduino.o
 .debug_rnglists
                0x0000000000000111       0x19 ./Startup/startup_stm32f407vgtx.o

.debug_macro    0x0000000000000000     0x2902
 .debug_macro   0x0000000000000000       0xae ./Drivers/Src/STM32F407xx_GPIO_driver.o
 .debug_macro   0x00000000000000ae      0xab4 ./Drivers/Src/STM32F407xx_GPIO_driver.o
 .debug_macro   0x0000000000000b62      0x174 ./Drivers/Src/STM32F407xx_GPIO_driver.o
 .debug_macro   0x0000000000000cd6       0x22 ./Drivers/Src/STM32F407xx_GPIO_driver.o
 .debug_macro   0x0000000000000cf8       0x8e ./Drivers/Src/STM32F407xx_GPIO_driver.o
 .debug_macro   0x0000000000000d86       0x51 ./Drivers/Src/STM32F407xx_GPIO_driver.o
 .debug_macro   0x0000000000000dd7      0x103 ./Drivers/Src/STM32F407xx_GPIO_driver.o
 .debug_macro   0x0000000000000eda       0x6a ./Drivers/Src/STM32F407xx_GPIO_driver.o
 .debug_macro   0x0000000000000f44      0x1df ./Drivers/Src/STM32F407xx_GPIO_driver.o
 .debug_macro   0x0000000000001123      0x5b5 ./Drivers/Src/STM32F407xx_GPIO_driver.o
 .debug_macro   0x00000000000016d8       0xbe ./Drivers/Src/STM32F407xx_GPIO_driver.o
 .debug_macro   0x0000000000001796       0xc4 ./Drivers/Src/STM32F407xx_GPIO_driver.o
 .debug_macro   0x000000000000185a       0xb2 ./Drivers/Src/STM32F407xx_SPI_driver.o
 .debug_macro   0x000000000000190c      0x176 ./Src/04SPI_txonly_arduino.o
 .debug_macro   0x0000000000001a82       0x5b ./Src/04SPI_txonly_arduino.o
 .debug_macro   0x0000000000001add       0x2a ./Src/04SPI_txonly_arduino.o
 .debug_macro   0x0000000000001b07       0x94 ./Src/04SPI_txonly_arduino.o
 .debug_macro   0x0000000000001b9b       0x43 ./Src/04SPI_txonly_arduino.o
 .debug_macro   0x0000000000001bde       0x34 ./Src/04SPI_txonly_arduino.o
 .debug_macro   0x0000000000001c12       0x16 ./Src/04SPI_txonly_arduino.o
 .debug_macro   0x0000000000001c28       0x43 ./Src/04SPI_txonly_arduino.o
 .debug_macro   0x0000000000001c6b       0x57 ./Src/04SPI_txonly_arduino.o
 .debug_macro   0x0000000000001cc2       0x34 ./Src/04SPI_txonly_arduino.o
 .debug_macro   0x0000000000001cf6       0x10 ./Src/04SPI_txonly_arduino.o
 .debug_macro   0x0000000000001d06       0x58 ./Src/04SPI_txonly_arduino.o
 .debug_macro   0x0000000000001d5e       0x8e ./Src/04SPI_txonly_arduino.o
 .debug_macro   0x0000000000001dec       0x1c ./Src/04SPI_txonly_arduino.o
 .debug_macro   0x0000000000001e08      0x177 ./Src/04SPI_txonly_arduino.o
 .debug_macro   0x0000000000001f7f      0x369 ./Src/04SPI_txonly_arduino.o
 .debug_macro   0x00000000000022e8       0x10 ./Src/04SPI_txonly_arduino.o
 .debug_macro   0x00000000000022f8       0x35 ./Src/04SPI_txonly_arduino.o
 .debug_macro   0x000000000000232d       0x20 ./Src/04SPI_txonly_arduino.o
 .debug_macro   0x000000000000234d      0x5b5 ./Src/04SPI_txonly_arduino.o

.debug_line     0x0000000000000000     0x1b6c
 .debug_line    0x0000000000000000      0x9fe ./Drivers/Src/STM32F407xx_GPIO_driver.o
 .debug_line    0x00000000000009fe      0x9c4 ./Drivers/Src/STM32F407xx_SPI_driver.o
 .debug_line    0x00000000000013c2      0x72f ./Src/04SPI_txonly_arduino.o
 .debug_line    0x0000000000001af1       0x7b ./Startup/startup_stm32f407vgtx.o

.debug_str      0x0000000000000000     0x98a9
 .debug_str     0x0000000000000000     0x63c3 ./Drivers/Src/STM32F407xx_GPIO_driver.o
                                       0x65c7 (size before relaxing)
 .debug_str     0x00000000000063c3      0x2bc ./Drivers/Src/STM32F407xx_SPI_driver.o
                                       0x6652 (size before relaxing)
 .debug_str     0x000000000000667f     0x31fb ./Src/04SPI_txonly_arduino.o
                                       0x961f (size before relaxing)
 .debug_str     0x000000000000987a       0x2f ./Startup/startup_stm32f407vgtx.o
                                         0x6b (size before relaxing)

.debug_frame    0x0000000000000000      0x620
 .debug_frame   0x0000000000000000      0x1c8 ./Drivers/Src/STM32F407xx_GPIO_driver.o
 .debug_frame   0x00000000000001c8      0x340 ./Drivers/Src/STM32F407xx_SPI_driver.o
 .debug_frame   0x0000000000000508       0xc4 ./Src/04SPI_txonly_arduino.o
 .debug_frame   0x00000000000005cc       0x2c D:/STM32CubeIDE_1.13.1/STM32CubeIDE/plugins/com.st.stm32cube.ide.mcu.externaltools.gnu-tools-for-stm32.11.3.rel1.win32_1.1.0.202305231506/tools/bin/../lib/gcc/arm-none-eabi/11.3.1/../../../../arm-none-eabi/lib/thumb/v7e-m+fp/hard\libc_nano.a(libc_a-init.o)
 .debug_frame   0x00000000000005f8       0x28 D:/STM32CubeIDE_1.13.1/STM32CubeIDE/plugins/com.st.stm32cube.ide.mcu.externaltools.gnu-tools-for-stm32.11.3.rel1.win32_1.1.0.202305231506/tools/bin/../lib/gcc/arm-none-eabi/11.3.1/../../../../arm-none-eabi/lib/thumb/v7e-m+fp/hard\libc_nano.a(libc_a-memcpy-stub.o)

.debug_line_str
                0x0000000000000000       0x5f
 .debug_line_str
                0x0000000000000000       0x5f ./Startup/startup_stm32f407vgtx.o
                                         0x77 (size before relaxing)
